<html>
<body>
<pre>
<h1>µVision Build Log</h1>
<h2>Tool Versions:</h2>
IDE-Version: ¦ÌVision V5.28.0.0
Copyright (C) 2019 ARM Ltd and ARM Germany GmbH. All rights reserved.
License Information: l DELL, l, LIC=KIVNN-YB71Y-YDZK5-GH0GW-SQ46X-4M0UK
 
Tool Versions:
Toolchain:       MDK-ARM Professional  Version: 5.28.0.0
Toolchain Path:  D:\MDK5\MDK5_28\ARM\ARMCC\Bin
C Compiler:      Armcc.exe V5.06 update 6 (build 750)
Assembler:       Armasm.exe V5.06 update 6 (build 750)
Linker/Locator:  ArmLink.exe V5.06 update 6 (build 750)
Library Manager: ArmAr.exe V5.06 update 6 (build 750)
Hex Converter:   FromElf.exe V5.06 update 6 (build 750)
CPU DLL:         SARMCM3.DLL V5.28.0.0
Dialog DLL:      DARMCM1.DLL V1.19.2.0
Target DLL:      Segger\JL2CM3.dll V2.99.36.0
Dialog DLL:      TARMCM1.DLL V1.14.1.0
 
<h2>Project:</h2>
E:\01. MCU Project\HC32L130\HC32L136_DDL_Rev1.1.0\HC32L136_DDL\my_project\my_project\14. Charge_Manager V1.0.00\MDK\Charge_Manager V1.0.00.uvprojx
Project File Date:  12/31/2020

<h2>Output:</h2>
*** Using Compiler 'V5.06 update 6 (build 750)', folder: 'D:\MDK5\MDK5_28\ARM\ARMCC\Bin'
Build target ' project_template_release'
compiling main.c...
linking...
Program Size: Code=12052 RO-data=11952 RW-data=84 ZI-data=2004  
".\output\release\project_template.axf" - 0 Error(s), 0 Warning(s).

<h2>Software Packages used:</h2>

Package Vendor: HDSC
                https://raw.githubusercontent.com/hdscmcu/pack/master/HDSC.HC32L130.1.0.0.pack
                HDSC.HC32L130.1.0.0
                HC32L130 ARM Cortex-M0+ Device Family Pack

<h2>Collection of Component include folders:</h2>
  .\RTE\__project_template_release
  D:\MDK5\MDK5_28\HDSC\HC32L130\1.0.0\Device\Include

<h2>Collection of Component Files used:</h2>
Build Time Elapsed:  00:00:01
</pre>
</body>
</html>
